i  emulators: Starting emulators: functions, extensions
⚠  hub: emulator hub unable to start on port 4400, starting on 4401 instead.
⚠  ui: Emulator UI unable to start on port 4000, starting on 4001 instead.
⚠  logging: Logging Emulator unable to start on port 4500, starting on 4501 instead.
⚠  emulators: It seems that you are running multiple instances of the emulator suite for project project-30dd3c12-9d55-4261-bc5. This may result in unexpected behavior.
⚠  functions: Port 5001 is not open on localhost (127.0.0.1,::1), could not start Functions Emulator.
⚠  functions: To select a different host/port, specify that host/port in a firebase.json config file:
      {
        // ...
        "emulators": {
          "functions": {
            "host": "HOST",
            "port": "PORT"
          }
        }
      }
⚠  tasks: Cloud Tasks Emulator unable to start on port 9499, starting on 9500 instead.
⚠  eventarc: Eventarc Emulator unable to start on port 9299, starting on 9301 instead.
i  emulators: Shutting down emulators.
i  hub: Stopping emulator hub

Error: Could not start Functions Emulator, port taken.
